// Jest Snapshot v1, https://goo.gl/fbAQLP

exports[`Events Component renders 1`] = `
<Events
  events={Array []}
/>
`;
