// Jest Snapshot v1, https://goo.gl/fbAQLP

exports[`Footer Component renders correctly 1`] = `
<div
  className="section-container"
>
  <footer>
    <div
      className="container"
    >
      <div
        className="row"
      >
        <div
          className="col-sm-12"
        >
          <div
            className="scroll-to-top"
          >
            <a
              href="#top"
            >
              <i
                className="fa fa-chevron-up"
              />
            </a>
          </div>
        </div>
      </div>
      <div
        className="row"
      >
        <div
          className="credits"
        >
          <div
            className="col-sm-12"
          >
            <div
              className="our-vendor"
            >
              © All rights reserved | Photos by © 
              <strong>
                <Link
                  rel="noopener noreferrer"
                  replace={false}
                  target="_blank"
                  to="http://www.alicerowsome.com/"
                >
                  Alice Rowsome
                </Link>
              </strong>
               | Supported with
               
              <img
                alt="LOVE"
                src="/img/ico/hearts.svg"
              />
              by 
              <strong>
                <Link
                  rel="noopener noreferrer"
                  replace={false}
                  target="_blank"
                  to="http://www.hackyourfuture.net"
                >
                  HackYourFuture
                </Link>
                 | 
              </strong>
              Registered charity number 
              <Link
                rel="noopener noreferrer"
                replace={false}
                target="_blank"
                to="http://apps.charitycommission.gov.uk/Showcharity/RegisterOfCharities/CharityFramework.aspx?RegisteredCharityNumber=1174929&SubsidiaryNumber=0"
              >
                1174929
              </Link>
              .
            </div>
          </div>
        </div>
      </div>
    </div>
  </footer>
</div>
`;
