// Jest Snapshot v1, https://goo.gl/fbAQLP

exports[`WhatWeTeach renders the component 1`] = `
<div
  className="section-container section-container-gray"
>
  <div
    className="container"
  >
    <div
      className="row"
    >
      <div
        className="col-sm-6 col-md-6"
      >
        <h2>
          What we teach
        </h2>
        <div
          className="divider-1"
        >
          <span />
        </div>
        <br />
      </div>
    </div>
    <div
      className="row"
    >
      <div
        className="col-sm-5ths"
      >
        <div
          className="md-icon"
        >
          <img
            alt="Honeycomb"
            src="honeycomb.svg"
          />
        </div>
        <h4>
          Non-technical skills
        </h4>
        <p>
          Vital techniques and tools to make learning and working together easier and more effective.
        </p>
      </div>
      <div
        className="col-sm-5ths"
      >
        <div
          className="md-icon"
        >
          <img
            alt="Tablet"
            src="tablet.svg"
          />
        </div>
        <h4>
          HTML & CSS
        </h4>
        <p>
          Fundamentals of the web. Structure and style static web pages using best front-end practices.
        </p>
      </div>
      <div
        className="col-sm-5ths"
      >
        <div
          className="md-icon"
        >
          <img
            alt="Code"
            src="code.svg"
          />
        </div>
        <h4>
          JavaScript
        </h4>
        <p>
          A powerful modern scripting language to build web applications.
        </p>
      </div>
      <div
        className="col-sm-5ths"
      >
        <div
          className="md-icon"
        >
          <img
            alt="NodeJS"
            src="nodejs.svg"
          />
        </div>
        <h4>
          Node.js
        </h4>
        <p>
          Web application back-end development powered by modern and fast Node.js.
        </p>
      </div>
      <div
        className="col-sm-5ths"
      >
        <div
          className="md-icon"
        >
          <img
            alt="React"
            src="react.svg"
          />
        </div>
        <h4>
          React
        </h4>
        <p>
          A Javascript library for building user interfaces.
        </p>
      </div>
    </div>
  </div>
</div>
`;
