// Jest Snapshot v1, https://goo.gl/fbAQLP

exports[`Banner Component renders 1`] = `
<Styled(div)>
  <Styled(img)
    alt="teaching=refugees-to-code"
    src="1.jpg"
  />
  <Styled(div)>
    <h1>
      Coding School for Refugees
    </h1>
    <p>
      Learn to code and find a job
    </p>
    <div
      className="page-title-bottom-link"
    >
      <Link
        className="big-link-2 btn"
        replace={false}
        to="students"
      >
        Apply Now
      </Link>
      <Link
        className="big-link-2 btn"
        rel="noopener noreferrer"
        replace={false}
        target="_blank"
        to="volunteers"
      >
        Become a volunteer
      </Link>
    </div>
  </Styled(div)>
</Styled(div)>
`;
