// Jest Snapshot v1, https://goo.gl/fbAQLP

exports[`Spinner Component renders correctly 1`] = `
<Spinner
  className="css-1slz332"
  fadeIn="full"
  name="circle"
  noFadeIn={false}
  overrideSpinnerClassName=""
/>
`;
